kot.ai/internal/voice
# kot.ai/internal/voice
internal\voice\voice.go:29:24: undefined: malgo.Context
internal\voice\voice.go:30:24: undefined: malgo.Device
internal\voice\voice.go:31:23: undefined: malgo.DeviceConfig
internal\voice\voice.go:100:20: undefined: malgo.NewContext
internal\voice\voice.go:100:42: undefined: malgo.ContextConfig
internal\voice\voice.go:109:27: undefined: malgo.DefaultDeviceConfig
internal\voice\voice.go:116:27: undefined: malgo.DeviceCallbacks
internal\voice\voice.go:119:23: undefined: malgo.InitDevice
 Том в устройстве C не имеет метки.
 Серийный номер тома: 8AE7-A102

 Содержимое папки C:\Users\baneronetwo\Documents\GitHub\kot-ai

07/01/2025  12:26 PM    <DIR>          .
07/01/2025  12:26 PM    <DIR>          ..
06/28/2025  03:04 PM    <DIR>          .github
06/26/2025  08:03 PM               456 .gitignore
06/28/2025  03:04 PM    <DIR>          assets
07/01/2025  12:26 PM               897 build.bat
07/04/2025  11:45 AM               535 build_output.txt
06/26/2025  08:04 PM             2,382 commands.txt
07/01/2025  12:25 PM             2,489 go.mod
07/02/2025  07:55 PM            27,194 go.sum
06/28/2025  03:04 PM    <DIR>          internal
06/29/2025  11:27 AM             1,084 LICENSE
06/30/2025  12:14 PM             2,292 main.go
06/26/2025  08:15 PM             4,283 main_test.go
06/27/2025  10:35 AM             4,121 README.md
06/27/2025  10:36 AM               639 run.bat
06/28/2025  02:51 PM             2,048 status.bat
              12 файлов         48,420 байт
               5 папок  330,333,085,696 байт свободно
